\BOOKMARK [1][-]{section*.1}{\376\377\000I\000n\000t\000r\000o\000d\000u\000c\000t\000i\000o\000n}{}% 1
\BOOKMARK [1][-]{section*.2}{\376\377\000S\000t\000u\000d\000y\000\040\0001\000:\000\040\000I\000t\000e\000m\000\040\000S\000e\000l\000e\000c\000t\000i\000o\000n}{}% 2
\BOOKMARK [2][-]{section*.3}{\376\377\000M\000e\000t\000h\000o\000d\000s}{section*.2}% 3
\BOOKMARK [3][-]{section*.4}{\376\377\000P\000a\000r\000t\000i\000c\000i\000p\000a\000n\000t\000s}{section*.3}% 4
\BOOKMARK [3][-]{section*.5}{\376\377\000I\000t\000e\000m\000\040\000G\000e\000n\000e\000r\000a\000t\000i\000o\000n}{section*.3}% 5
\BOOKMARK [3][-]{section*.7}{\376\377\000P\000r\000o\000c\000e\000d\000u\000r\000e}{section*.3}% 6
\BOOKMARK [3][-]{section*.8}{\376\377\000D\000a\000t\000a\000\040\000A\000n\000a\000l\000y\000s\000i\000s}{section*.3}% 7
\BOOKMARK [2][-]{section*.9}{\376\377\000R\000e\000s\000u\000l\000t\000s}{section*.2}% 8
\BOOKMARK [2][-]{section*.10}{\376\377\000D\000i\000s\000c\000u\000s\000s\000i\000o\000n}{section*.2}% 9
\BOOKMARK [1][-]{section*.11}{\376\377\000S\000t\000u\000d\000y\000\040\0002\000:\000\040\000C\000o\000n\000v\000e\000r\000g\000e\000n\000t\000\040\000a\000n\000d\000\040\000C\000r\000i\000t\000e\000r\000i\000o\000n\000\040\000V\000a\000l\000i\000d\000i\000t\000y}{}% 10
\BOOKMARK [2][-]{section*.12}{\376\377\000M\000e\000t\000h\000o\000d\000s}{section*.11}% 11
\BOOKMARK [3][-]{section*.13}{\376\377\000P\000a\000r\000t\000i\000c\000i\000p\000a\000n\000t\000s}{section*.12}% 12
\BOOKMARK [3][-]{section*.14}{\376\377\000M\000e\000a\000s\000u\000r\000e\000s}{section*.12}% 13
\BOOKMARK [3][-]{section*.20}{\376\377\000P\000r\000o\000c\000e\000d\000u\000r\000e}{section*.12}% 14
\BOOKMARK [3][-]{section*.22}{\376\377\000D\000a\000t\000a\000\040\000A\000n\000a\000l\000y\000s\000i\000s}{section*.12}% 15
\BOOKMARK [2][-]{section*.23}{\376\377\000R\000e\000s\000u\000l\000t\000s}{section*.11}% 16
\BOOKMARK [3][-]{section*.26}{\376\377\000M\000i\000n\000t}{section*.23}% 17
\BOOKMARK [3][-]{section*.27}{\376\377\000I\000n\000t\000e\000r\000o\000c\000e\000p\000t\000i\000o\000n\000\040\000Q\000u\000e\000s\000t\000i\000o\000n\000n\000a\000i\000r\000e\000s}{section*.23}% 18
\BOOKMARK [3][-]{section*.28}{\376\377\000E\000m\000o\000t\000i\000o\000n\000s\000\040\000a\000n\000d\000\040\000C\000o\000g\000n\000i\000t\000i\000o\000n}{section*.23}% 19
\BOOKMARK [3][-]{section*.30}{\376\377\000H\000e\000a\000l\000t\000h\000,\000\040\000W\000e\000l\000l\000b\000e\000i\000n\000g\000\040\000a\000b\000d\000\040\000L\000i\000f\000e\000s\000t\000y\000l\000e}{section*.23}% 20
\BOOKMARK [2][-]{section*.32}{\376\377\000D\000i\000s\000c\000u\000s\000s\000i\000o\000n}{section*.11}% 21
\BOOKMARK [1][-]{section*.33}{\376\377\000G\000e\000n\000e\000r\000a\000l\000\040\000D\000i\000s\000c\000u\000s\000s\000i\000o\000n}{}% 22
\BOOKMARK [1][-]{section*.34}{\376\377\000D\000a\000t\000a\000\040\000A\000v\000a\000i\000l\000a\000b\000i\000l\000i\000t\000y}{}% 23
\BOOKMARK [1][-]{section*.35}{\376\377\000R\000e\000f\000e\000r\000e\000n\000c\000e\000s}{}% 24
